       id        |  title   |                                                                                                                                                                                                                                                                                                                                                                                                                                                                         config                                                                                                                                                                                                                                                                                                                                                                                                                                                                         
-----------------+----------+--------------------------------------------------------------------------------------------------------------------------------------------------------------------------------------------------------------------------------------------------------------------------------------------------------------------------------------------------------------------------------------------------------------------------------------------------------------------------------------------------------------------------------------------------------------------------------------------------------------------------------------------------------------------------------------------------------------------------------------------------------------------------------------------------------------------------------------------------------------------------------------------------------------------------------------------------------
 366698941513730 | 鐢熸垚缂栧彿 | {"expression":"// genSerialNoV2 called with: dateFmt=yyyyMMdd, prefix=JH, module=鐗╄祫, field=plan_no\n{\n  const now = new Date();\n  let datePart;\n  datePart = now.getFullYear().toString() + String(now.getMonth() + 1).padStart(2, '0') + String(now.getDate()).padStart(2, '0');\n  const fullPrefix = 'JH-' + datePart + '-';\n  const counterRepo = context.db.getRepository('sys_serial_counters');\n  let counter = await counterRepo.findOne({ filter: { prefix: fullPrefix } });\n  let result;\n  if (!counter) {\n    await counterRepo.create({ values: { prefix: fullPrefix, current_seq: 1, module: '鐗╄祫' } });\n    result = fullPrefix + '001';\n  } else {\n    const newSeq = counter.current_seq + 1;\n    await counterRepo.update({ filter: { id: counter.id }, values: { current_seq: newSeq } });\n    result = fullPrefix + String(newSeq).padStart(3, '0');\n  }\n  record.set('plan_no', result);\n  return result;\n}"}
(1 row)

